[INFO] Scanning for projects...
[INFO] 
[INFO] ------------------< com.founderlink:startup-service >-------------------
[INFO] Building startup-service 0.0.1-SNAPSHOT
[INFO]   from pom.xml
[INFO] --------------------------------[ jar ]---------------------------------
[INFO] 
[INFO] >>> spring-boot:4.0.4:run (default-cli) > test-compile @ startup-service >>>
[INFO] 
[INFO] --- resources:3.3.1:resources (default-resources) @ startup-service ---
[INFO] Copying 1 resource from src/main/resources to target/classes
[INFO] Copying 0 resource from src/main/resources to target/classes
[INFO] 
[INFO] --- compiler:3.14.1:compile (default-compile) @ startup-service ---
[INFO] Nothing to compile - all classes are up to date.
[INFO] 
[INFO] --- resources:3.3.1:testResources (default-testResources) @ startup-service ---
[INFO] Copying 1 resource from src/test/resources to target/test-classes
[INFO] 
[INFO] --- compiler:3.14.1:testCompile (default-testCompile) @ startup-service ---
[INFO] Nothing to compile - all classes are up to date.
[INFO] 
[INFO] <<< spring-boot:4.0.4:run (default-cli) < test-compile @ startup-service <<<
[INFO] 
[INFO] 
[INFO] --- spring-boot:4.0.4:run (default-cli) @ startup-service ---
[INFO] Attaching agents: []

  .   ____          _            __ _ _
 /\\ / ___'_ __ _ _(_)_ __  __ _ \ \ \ \
( ( )\___ | '_ | '_| | '_ \/ _` | \ \ \ \
 \\/  ___)| |_)| | | | | || (_| |  ) ) ) )
  '  |____| .__|_| |_|_| |_\__, | / / / /
 =========|_|==============|___/=/_/_/_/

 :: Spring Boot ::                (v4.0.4)

2026-03-27T19:20:12.397+05:30 2026-03-27 19:20:12 [main] INFO  c.f.s.StartupServiceApplication - [,] - Starting StartupServiceApplication using Java 17.0.18 with PID 101041 (/home/dheeraj/Desktop/FounderLink/startup-service/target/classes started by dheeraj in /home/dheeraj/Desktop/FounderLink/startup-service)
 101041 --- [startup-service] [           main] c.f.s.StartupServiceApplication          : Starting StartupServiceApplication using Java 17.0.18 with PID 101041 (/home/dheeraj/Desktop/FounderLink/startup-service/target/classes started by dheeraj in /home/dheeraj/Desktop/FounderLink/startup-service)
2026-03-27T19:20:12.405+05:30 2026-03-27 19:20:12 [main] INFO  c.f.s.StartupServiceApplication - [,] - No active profile set, falling back to 1 default profile: "default"
 101041 --- [startup-service] [           main] c.f.s.StartupServiceApplication          : No active profile set, falling back to 1 default profile: "default"
2026-03-27T19:20:12.543+05:30 2026-03-27 19:20:12 [main] INFO  o.s.c.c.c.ConfigServerConfigDataLoader - [,] - Fetching config from server at : http://localhost:8888
 101041 --- [startup-service] [           main] o.s.c.c.c.ConfigServerConfigDataLoader   : Fetching config from server at : http://localhost:8888
2026-03-27T19:20:12.543+05:30 2026-03-27 19:20:12 [main] INFO  o.s.c.c.c.ConfigServerConfigDataLoader - [,] - Located environment: name=startup-service, profiles=[default], label=null, version=835001bc6f893fa38ae85cb8ab179c88ae62cf9b, state=
 101041 --- [startup-service] [           main] o.s.c.c.c.ConfigServerConfigDataLoader   : Located environment: name=startup-service, profiles=[default], label=null, version=835001bc6f893fa38ae85cb8ab179c88ae62cf9b, state=
2026-03-27T19:20:14.823+05:30 2026-03-27 19:20:14 [main] INFO  o.s.d.r.c.RepositoryConfigurationDelegate - [,] - Bootstrapping Spring Data JPA repositories in DEFAULT mode.
 101041 --- [startup-service] [           main] .s.d.r.c.RepositoryConfigurationDelegate : Bootstrapping Spring Data JPA repositories in DEFAULT mode.
2026-03-27T19:20:15.076+05:30 2026-03-27 19:20:15 [main] INFO  o.s.d.r.c.RepositoryConfigurationDelegate - [,] - Finished Spring Data repository scanning in 237 ms. Found 1 JPA repository interface.
 101041 --- [startup-service] [           main] .s.d.r.c.RepositoryConfigurationDelegate : Finished Spring Data repository scanning in 237 ms. Found 1 JPA repository interface.
2026-03-27T19:20:16.276+05:30 2026-03-27 19:20:16 [main] INFO  o.s.cloud.context.scope.GenericScope - [,] - BeanFactory id=4168eb5a-e8e2-3817-a015-60092ff48d58
 101041 --- [startup-service] [           main] o.s.cloud.context.scope.GenericScope     : BeanFactory id=4168eb5a-e8e2-3817-a015-60092ff48d58
2026-03-27T19:20:17.763+05:30 2026-03-27 19:20:17 [main] INFO  o.s.boot.tomcat.TomcatWebServer - [,] - Tomcat initialized with port 8083 (http)
 101041 --- [startup-service] [           main] o.s.boot.tomcat.TomcatWebServer          : Tomcat initialized with port 8083 (http)
2026-03-27T19:20:17.790+05:30 2026-03-27 19:20:17 [main] INFO  o.a.catalina.core.StandardService - [,] - Starting service [Tomcat]
 101041 --- [startup-service] [           main] o.apache.catalina.core.StandardService   : Starting service [Tomcat]
2026-03-27T19:20:17.791+05:30 2026-03-27 19:20:17 [main] INFO  o.a.catalina.core.StandardEngine - [,] - Starting Servlet engine: [Apache Tomcat/11.0.18]
 101041 --- [startup-service] [           main] o.apache.catalina.core.StandardEngine    : Starting Servlet engine: [Apache Tomcat/11.0.18]
2026-03-27T19:20:17.895+05:30 2026-03-27 19:20:17 [main] INFO  o.s.b.w.c.s.WebApplicationContextInitializer - [,] - Root WebApplicationContext: initialization completed in 5345 ms
 101041 --- [startup-service] [           main] b.w.c.s.WebApplicationContextInitializer : Root WebApplicationContext: initialization completed in 5345 ms
2026-03-27T19:20:19.165+05:30 2026-03-27 19:20:19 [main] INFO  org.hibernate.orm.jpa - [,] - HHH008540: Processing PersistenceUnitInfo [name: default]
 101041 --- [startup-service] [           main] org.hibernate.orm.jpa                    : HHH008540: Processing PersistenceUnitInfo [name: default]
2026-03-27T19:20:19.274+05:30 2026-03-27 19:20:19 [main] INFO  org.hibernate.orm.core - [,] - HHH000001: Hibernate ORM core version 7.2.7.Final
 101041 --- [startup-service] [           main] org.hibernate.orm.core                   : HHH000001: Hibernate ORM core version 7.2.7.Final
2026-03-27T19:20:20.273+05:30 2026-03-27 19:20:20 [main] INFO  o.s.o.j.p.SpringPersistenceUnitInfo - [,] - No LoadTimeWeaver setup: ignoring JPA class transformer
 101041 --- [startup-service] [           main] o.s.o.j.p.SpringPersistenceUnitInfo      : No LoadTimeWeaver setup: ignoring JPA class transformer
2026-03-27T19:20:20.330+05:30 2026-03-27 19:20:20 [main] INFO  com.zaxxer.hikari.HikariDataSource - [,] - HikariPool-1 - Starting...
 101041 --- [startup-service] [           main] com.zaxxer.hikari.HikariDataSource       : HikariPool-1 - Starting...
2026-03-27T19:20:20.814+05:30 2026-03-27 19:20:20 [main] INFO  com.zaxxer.hikari.pool.HikariPool - [,] - HikariPool-1 - Added connection org.postgresql.jdbc.PgConnection@3d3e9163
 101041 --- [startup-service] [           main] com.zaxxer.hikari.pool.HikariPool        : HikariPool-1 - Added connection org.postgresql.jdbc.PgConnection@3d3e9163
2026-03-27T19:20:20.818+05:30 2026-03-27 19:20:20 [main] INFO  com.zaxxer.hikari.HikariDataSource - [,] - HikariPool-1 - Start completed.
 101041 --- [startup-service] [           main] com.zaxxer.hikari.HikariDataSource       : HikariPool-1 - Start completed.
2026-03-27T19:20:20.905+05:30 2026-03-27 19:20:20 [main] WARN  org.hibernate.orm.deprecation - [,] - HHH90000025: PostgreSQLDialect does not need to be specified explicitly using 'hibernate.dialect' (remove the property setting and it will be selected by default)
 101041 --- [startup-service] [           main] org.hibernate.orm.deprecation            : HHH90000025: PostgreSQLDialect does not need to be specified explicitly using 'hibernate.dialect' (remove the property setting and it will be selected by default)
2026-03-27T19:20:20.965+05:30 2026-03-27 19:20:20 [main] INFO  o.hibernate.orm.connections.pooling - [,] - HHH10001005: Database info:
	Database JDBC URL [jdbc:postgresql://localhost:5433/startups_db]
	Database driver: PostgreSQL JDBC Driver
	Database dialect: PostgreSQLDialect
	Database version: 15.17
	Default catalog/schema: startups_db/public
	Autocommit mode: undefined/unknown
	Isolation level: READ_COMMITTED [default READ_COMMITTED]
	JDBC fetch size: none
	Pool: DataSourceConnectionProvider
	Minimum pool size: undefined/unknown
	Maximum pool size: undefined/unknown
 101041 --- [startup-service] [           main] org.hibernate.orm.connections.pooling    : HHH10001005: Database info:
	Database JDBC URL [jdbc:postgresql://localhost:5433/startups_db]
	Database driver: PostgreSQL JDBC Driver
	Database dialect: PostgreSQLDialect
	Database version: 15.17
	Default catalog/schema: startups_db/public
	Autocommit mode: undefined/unknown
	Isolation level: READ_COMMITTED [default READ_COMMITTED]
	JDBC fetch size: none
	Pool: DataSourceConnectionProvider
	Minimum pool size: undefined/unknown
	Maximum pool size: undefined/unknown
2026-03-27T19:20:22.726+05:30 2026-03-27 19:20:22 [main] INFO  org.hibernate.orm.core - [,] - HHH000489: No JTA platform available (set 'hibernate.transaction.jta.platform' to enable JTA platform integration)
 101041 --- [startup-service] [           main] org.hibernate.orm.core                   : HHH000489: No JTA platform available (set 'hibernate.transaction.jta.platform' to enable JTA platform integration)
2026-03-27T19:20:22.895+05:30 2026-03-27 19:20:22 [main] INFO  o.s.o.j.LocalContainerEntityManagerFactoryBean - [,] - Initialized JPA EntityManagerFactory for persistence unit 'default'
 101041 --- [startup-service] [           main] j.LocalContainerEntityManagerFactoryBean : Initialized JPA EntityManagerFactory for persistence unit 'default'
2026-03-27T19:20:23.321+05:30 2026-03-27 19:20:23 [main] INFO  o.s.d.j.r.q.QueryEnhancerFactories - [,] - Hibernate is in classpath; If applicable, HQL parser will be used.
 101041 --- [startup-service] [           main] o.s.d.j.r.query.QueryEnhancerFactories   : Hibernate is in classpath; If applicable, HQL parser will be used.
2026-03-27T19:20:25.136+05:30 2026-03-27 19:20:25 [main] WARN  o.s.b.j.a.JpaBaseConfiguration$JpaWebConfiguration - [,] - spring.jpa.open-in-view is enabled by default. Therefore, database queries may be performed during view rendering. Explicitly configure spring.jpa.open-in-view to disable this warning
 101041 --- [startup-service] [           main] JpaBaseConfiguration$JpaWebConfiguration : spring.jpa.open-in-view is enabled by default. Therefore, database queries may be performed during view rendering. Explicitly configure spring.jpa.open-in-view to disable this warning
2026-03-27T19:20:25.436+05:30 2026-03-27 19:20:25 [main] INFO  o.s.c.o.FeignClientFactoryBean - [,] - For 'user-service' URL not provided. Will try picking an instance via load-balancing.
 101041 --- [startup-service] [           main] o.s.c.openfeign.FeignClientFactoryBean   : For 'user-service' URL not provided. Will try picking an instance via load-balancing.
2026-03-27T19:20:26.132+05:30 2026-03-27 19:20:26 [main] WARN  o.s.b.s.a.UserDetailsServiceAutoConfiguration - [,] - 

Using generated security password: a29073ad-b1ff-4f16-815d-c62a9fca9eb1

This generated password is for development use only. Your security configuration must be updated before running your application in production.

 101041 --- [startup-service] [           main] .s.a.UserDetailsServiceAutoConfiguration : 

Using generated security password: a29073ad-b1ff-4f16-815d-c62a9fca9eb1

This generated password is for development use only. Your security configuration must be updated before running your application in production.

2026-03-27T19:20:26.150+05:30 2026-03-27 19:20:26 [main] INFO  o.s.s.c.a.a.c.InitializeUserDetailsBeanManagerConfigurer$InitializeUserDetailsManagerConfigurer - [,] - Global AuthenticationManager configured with UserDetailsService bean with name inMemoryUserDetailsManager
 101041 --- [startup-service] [           main] r$InitializeUserDetailsManagerConfigurer : Global AuthenticationManager configured with UserDetailsService bean with name inMemoryUserDetailsManager
2026-03-27T19:20:29.687+05:30 2026-03-27 19:20:29 [main] INFO  o.s.c.n.e.c.DiscoveryClientOptionalArgsConfiguration - [,] - Eureka HTTP Client uses RestClient.
 101041 --- [startup-service] [           main] DiscoveryClientOptionalArgsConfiguration : Eureka HTTP Client uses RestClient.
2026-03-27T19:20:29.899+05:30 2026-03-27 19:20:29 [main] WARN  o.s.c.l.c.LoadBalancerCacheAutoConfiguration$LoadBalancerCaffeineWarnLogger - [,] - Spring Cloud LoadBalancer is currently working with the default cache. While this cache implementation is useful for development and tests, it's recommended to use Caffeine cache in production.You can switch to using Caffeine cache, by adding it and org.springframework.cache.caffeine.CaffeineCacheManager to the classpath.
 101041 --- [startup-service] [           main] iguration$LoadBalancerCaffeineWarnLogger : Spring Cloud LoadBalancer is currently working with the default cache. While this cache implementation is useful for development and tests, it's recommended to use Caffeine cache in production.You can switch to using Caffeine cache, by adding it and org.springframework.cache.caffeine.CaffeineCacheManager to the classpath.
2026-03-27T19:20:29.966+05:30 2026-03-27 19:20:29 [main] INFO  o.s.b.a.e.web.EndpointLinksResolver - [,] - Exposing 1 endpoint beneath base path '/actuator'
 101041 --- [startup-service] [           main] o.s.b.a.e.web.EndpointLinksResolver      : Exposing 1 endpoint beneath base path '/actuator'
2026-03-27T19:20:30.182+05:30 2026-03-27 19:20:30 [main] INFO  o.s.c.n.eureka.InstanceInfoFactory - [,] - Setting initial instance status as: STARTING
 101041 --- [startup-service] [           main] o.s.c.n.eureka.InstanceInfoFactory       : Setting initial instance status as: STARTING
2026-03-27T19:20:30.250+05:30 2026-03-27 19:20:30 [main] INFO  c.netflix.discovery.DiscoveryClient - [,] - Initializing Eureka in region us-east-1
 101041 --- [startup-service] [           main] com.netflix.discovery.DiscoveryClient    : Initializing Eureka in region us-east-1
2026-03-27T19:20:30.259+05:30 2026-03-27 19:20:30 [main] INFO  c.n.d.s.r.aws.ConfigClusterResolver - [,] - Resolving eureka endpoints via configuration
 101041 --- [startup-service] [           main] c.n.d.s.r.aws.ConfigClusterResolver      : Resolving eureka endpoints via configuration
2026-03-27T19:20:30.280+05:30 2026-03-27 19:20:30 [main] INFO  c.netflix.discovery.DiscoveryClient - [,] - Disable delta property : false
 101041 --- [startup-service] [           main] com.netflix.discovery.DiscoveryClient    : Disable delta property : false
2026-03-27T19:20:30.281+05:30 2026-03-27 19:20:30 [main] INFO  c.netflix.discovery.DiscoveryClient - [,] - Single vip registry refresh property : null
 101041 --- [startup-service] [           main] com.netflix.discovery.DiscoveryClient    : Single vip registry refresh property : null
2026-03-27T19:20:30.281+05:30 2026-03-27 19:20:30 [main] INFO  c.netflix.discovery.DiscoveryClient - [,] - Force full registry fetch : false
 101041 --- [startup-service] [           main] com.netflix.discovery.DiscoveryClient    : Force full registry fetch : false
2026-03-27T19:20:30.281+05:30 2026-03-27 19:20:30 [main] INFO  c.netflix.discovery.DiscoveryClient - [,] - Application is null : false
 101041 --- [startup-service] [           main] com.netflix.discovery.DiscoveryClient    : Application is null : false
2026-03-27T19:20:30.281+05:30 2026-03-27 19:20:30 [main] INFO  c.netflix.discovery.DiscoveryClient - [,] - Registered Applications size is zero : true
 101041 --- [startup-service] [           main] com.netflix.discovery.DiscoveryClient    : Registered Applications size is zero : true
2026-03-27T19:20:30.281+05:30 2026-03-27 19:20:30 [main] INFO  c.netflix.discovery.DiscoveryClient - [,] - Application version is -1: true
 101041 --- [startup-service] [           main] com.netflix.discovery.DiscoveryClient    : Application version is -1: true
2026-03-27T19:20:30.282+05:30 2026-03-27 19:20:30 [main] INFO  c.netflix.discovery.DiscoveryClient - [,] - Getting all instance registry info from the eureka server
 101041 --- [startup-service] [           main] com.netflix.discovery.DiscoveryClient    : Getting all instance registry info from the eureka server
2026-03-27T19:20:30.841+05:30 2026-03-27 19:20:30 [main] INFO  c.netflix.discovery.DiscoveryClient - [,] - The response status is 200
 101041 --- [startup-service] [           main] com.netflix.discovery.DiscoveryClient    : The response status is 200
2026-03-27T19:20:30.846+05:30 2026-03-27 19:20:30 [main] INFO  c.netflix.discovery.DiscoveryClient - [,] - Starting heartbeat executor: renew interval is: 30
 101041 --- [startup-service] [           main] com.netflix.discovery.DiscoveryClient    : Starting heartbeat executor: renew interval is: 30
2026-03-27T19:20:30.852+05:30 2026-03-27 19:20:30 [main] INFO  c.n.discovery.InstanceInfoReplicator - [,] - InstanceInfoReplicator onDemand update allowed rate per min is 4
 101041 --- [startup-service] [           main] c.n.discovery.InstanceInfoReplicator     : InstanceInfoReplicator onDemand update allowed rate per min is 4
2026-03-27T19:20:30.856+05:30 2026-03-27 19:20:30 [main] INFO  c.netflix.discovery.DiscoveryClient - [,] - Discovery Client initialized at timestamp 1774619430855 with initial instances count: 3
 101041 --- [startup-service] [           main] com.netflix.discovery.DiscoveryClient    : Discovery Client initialized at timestamp 1774619430855 with initial instances count: 3
2026-03-27T19:20:30.892+05:30 2026-03-27 19:20:30 [main] INFO  o.s.c.n.e.s.EurekaServiceRegistry - [,] - Registering application STARTUP-SERVICE with eureka with status UP
 101041 --- [startup-service] [           main] o.s.c.n.e.s.EurekaServiceRegistry        : Registering application STARTUP-SERVICE with eureka with status UP
2026-03-27T19:20:30.894+05:30 2026-03-27 19:20:30 [main] INFO  c.netflix.discovery.DiscoveryClient - [,] - Saw local status change event StatusChangeEvent [timestamp=1774619430893, current=UP, previous=STARTING]
 101041 --- [startup-service] [           main] com.netflix.discovery.DiscoveryClient    : Saw local status change event StatusChangeEvent [timestamp=1774619430893, current=UP, previous=STARTING]
2026-03-27T19:20:30.898+05:30 2026-03-27 19:20:30 [DiscoveryClient-InstanceInfoReplicator-%d] INFO  c.netflix.discovery.DiscoveryClient - [,] - DiscoveryClient_STARTUP-SERVICE/192.168.249.133:startup-service:8083: registering service...
 101041 --- [startup-service] [foReplicator-%d] com.netflix.discovery.DiscoveryClient    : DiscoveryClient_STARTUP-SERVICE/192.168.249.133:startup-service:8083: registering service...
2026-03-27T19:20:30.931+05:30 2026-03-27 19:20:30 [main] INFO  o.s.boot.tomcat.TomcatWebServer - [,] - Tomcat started on port 8083 (http) with context path '/'
 101041 --- [startup-service] [           main] o.s.boot.tomcat.TomcatWebServer          : Tomcat started on port 8083 (http) with context path '/'
2026-03-27T19:20:30.933+05:30 2026-03-27 19:20:30 [main] INFO  o.s.c.n.e.s.EurekaAutoServiceRegistration - [,] - Updating port to 8083
 101041 --- [startup-service] [           main] .s.c.n.e.s.EurekaAutoServiceRegistration : Updating port to 8083
2026-03-27T19:20:30.989+05:30 2026-03-27 19:20:30 [main] INFO  c.f.s.StartupServiceApplication - [,] - Started StartupServiceApplication in 20.484 seconds (process running for 21.124)
 101041 --- [startup-service] [           main] c.f.s.StartupServiceApplication          : Started StartupServiceApplication in 20.484 seconds (process running for 21.124)
2026-03-27T19:20:31.028+05:30 2026-03-27 19:20:31 [DiscoveryClient-InstanceInfoReplicator-%d] INFO  c.netflix.discovery.DiscoveryClient - [,] - DiscoveryClient_STARTUP-SERVICE/192.168.249.133:startup-service:8083 - registration status: 204
 101041 --- [startup-service] [foReplicator-%d] com.netflix.discovery.DiscoveryClient    : DiscoveryClient_STARTUP-SERVICE/192.168.249.133:startup-service:8083 - registration status: 204
2026-03-27T19:20:31.107+05:30 2026-03-27 19:20:31 [main] WARN  o.s.c.events.SpringDocAppInitializer - [,] - SpringDoc /startups/v3/api-docs endpoint is enabled by default. To disable it in production, set the property 'springdoc.api-docs.enabled=false'
 101041 --- [startup-service] [           main] o.s.core.events.SpringDocAppInitializer  : SpringDoc /startups/v3/api-docs endpoint is enabled by default. To disable it in production, set the property 'springdoc.api-docs.enabled=false'
2026-03-27T19:20:31.108+05:30 2026-03-27 19:20:31 [main] WARN  o.s.c.events.SpringDocAppInitializer - [,] - SpringDoc /swagger-ui.html endpoint is enabled by default. To disable it in production, set the property 'springdoc.swagger-ui.enabled=false'
 101041 --- [startup-service] [           main] o.s.core.events.SpringDocAppInitializer  : SpringDoc /swagger-ui.html endpoint is enabled by default. To disable it in production, set the property 'springdoc.swagger-ui.enabled=false'
2026-03-27T19:22:03.694+05:30 2026-03-27 19:22:03 [http-nio-8083-exec-2] INFO  o.a.c.c.C.[Tomcat].[localhost].[/] - [,] - Initializing Spring DispatcherServlet 'dispatcherServlet'
 101041 --- [startup-service] [nio-8083-exec-2] o.a.c.c.C.[Tomcat].[localhost].[/]       : Initializing Spring DispatcherServlet 'dispatcherServlet'
2026-03-27T19:22:03.694+05:30 2026-03-27 19:22:03 [http-nio-8083-exec-2] INFO  o.s.web.servlet.DispatcherServlet - [,] - Initializing Servlet 'dispatcherServlet'
 101041 --- [startup-service] [nio-8083-exec-2] o.s.web.servlet.DispatcherServlet        : Initializing Servlet 'dispatcherServlet'
2026-03-27T19:22:03.697+05:30 2026-03-27 19:22:03 [http-nio-8083-exec-2] INFO  o.s.web.servlet.DispatcherServlet - [,] - Completed initialization in 3 ms
 101041 --- [startup-service] [nio-8083-exec-2] o.s.web.servlet.DispatcherServlet        : Completed initialization in 3 ms
2026-03-27T19:25:30.299+05:30 2026-03-27 19:25:30 [AsyncResolver-bootstrap-executor-%d] INFO  c.n.d.s.r.aws.ConfigClusterResolver - [,] - Resolving eureka endpoints via configuration
 101041 --- [startup-service] [rap-executor-%d] c.n.d.s.r.aws.ConfigClusterResolver      : Resolving eureka endpoints via configuration
2026-03-27T19:30:30.300+05:30 2026-03-27 19:30:30 [AsyncResolver-bootstrap-executor-%d] INFO  c.n.d.s.r.aws.ConfigClusterResolver - [,] - Resolving eureka endpoints via configuration
 101041 --- [startup-service] [rap-executor-%d] c.n.d.s.r.aws.ConfigClusterResolver      : Resolving eureka endpoints via configuration
2026-03-27T19:35:30.300+05:30 2026-03-27 19:35:30 [AsyncResolver-bootstrap-executor-%d] INFO  c.n.d.s.r.aws.ConfigClusterResolver - [,] - Resolving eureka endpoints via configuration
 101041 --- [startup-service] [rap-executor-%d] c.n.d.s.r.aws.ConfigClusterResolver      : Resolving eureka endpoints via configuration
2026-03-27T19:40:30.301+05:30 2026-03-27 19:40:30 [AsyncResolver-bootstrap-executor-%d] INFO  c.n.d.s.r.aws.ConfigClusterResolver - [,] - Resolving eureka endpoints via configuration
 101041 --- [startup-service] [rap-executor-%d] c.n.d.s.r.aws.ConfigClusterResolver      : Resolving eureka endpoints via configuration
2026-03-27T19:45:30.302+05:30 2026-03-27 19:45:30 [AsyncResolver-bootstrap-executor-%d] INFO  c.n.d.s.r.aws.ConfigClusterResolver - [,] - Resolving eureka endpoints via configuration
 101041 --- [startup-service] [rap-executor-%d] c.n.d.s.r.aws.ConfigClusterResolver      : Resolving eureka endpoints via configuration
2026-03-27T19:50:30.302+05:30 2026-03-27 19:50:30 [AsyncResolver-bootstrap-executor-%d] INFO  c.n.d.s.r.aws.ConfigClusterResolver - [,] - Resolving eureka endpoints via configuration
 101041 --- [startup-service] [rap-executor-%d] c.n.d.s.r.aws.ConfigClusterResolver      : Resolving eureka endpoints via configuration
2026-03-27T19:55:30.303+05:30 2026-03-27 19:55:30 [AsyncResolver-bootstrap-executor-%d] INFO  c.n.d.s.r.aws.ConfigClusterResolver - [,] - Resolving eureka endpoints via configuration
 101041 --- [startup-service] [rap-executor-%d] c.n.d.s.r.aws.ConfigClusterResolver      : Resolving eureka endpoints via configuration
2026-03-27T20:00:30.304+05:30 2026-03-27 20:00:30 [AsyncResolver-bootstrap-executor-%d] INFO  c.n.d.s.r.aws.ConfigClusterResolver - [,] - Resolving eureka endpoints via configuration
 101041 --- [startup-service] [rap-executor-%d] c.n.d.s.r.aws.ConfigClusterResolver      : Resolving eureka endpoints via configuration
2026-03-27T20:05:30.305+05:30 2026-03-27 20:05:30 [AsyncResolver-bootstrap-executor-%d] INFO  c.n.d.s.r.aws.ConfigClusterResolver - [,] - Resolving eureka endpoints via configuration
 101041 --- [startup-service] [rap-executor-%d] c.n.d.s.r.aws.ConfigClusterResolver      : Resolving eureka endpoints via configuration
2026-03-27T20:10:30.307+05:30 2026-03-27 20:10:30 [AsyncResolver-bootstrap-executor-%d] INFO  c.n.d.s.r.aws.ConfigClusterResolver - [,] - Resolving eureka endpoints via configuration
 101041 --- [startup-service] [rap-executor-%d] c.n.d.s.r.aws.ConfigClusterResolver      : Resolving eureka endpoints via configuration
2026-03-27T20:15:30.309+05:30 2026-03-27 20:15:30 [AsyncResolver-bootstrap-executor-%d] INFO  c.n.d.s.r.aws.ConfigClusterResolver - [,] - Resolving eureka endpoints via configuration
 101041 --- [startup-service] [rap-executor-%d] c.n.d.s.r.aws.ConfigClusterResolver      : Resolving eureka endpoints via configuration
2026-03-27T20:16:45.953+05:30 2026-03-27 20:16:45 [http-nio-8083-exec-9] INFO  o.s.a.r.c.CachingConnectionFactory - [,] - Attempting to connect to: [localhost:5672]
 101041 --- [startup-service] [nio-8083-exec-9] o.s.a.r.c.CachingConnectionFactory       : Attempting to connect to: [localhost:5672]
2026-03-27T20:16:45.981+05:30 2026-03-27 20:16:45 [http-nio-8083-exec-9] INFO  o.s.a.r.c.CachingConnectionFactory - [,] - Created new connection: rabbitConnectionFactory#32578bc0:0/SimpleConnection@69a61bf0 [delegate=amqp://guest@127.0.0.1:5672/, localPort=34294]
 101041 --- [startup-service] [nio-8083-exec-9] o.s.a.r.c.CachingConnectionFactory       : Created new connection: rabbitConnectionFactory#32578bc0:0/SimpleConnection@69a61bf0 [delegate=amqp://guest@127.0.0.1:5672/, localPort=34294]
2026-03-27T20:16:46.319+05:30 2026-03-27 20:16:46 [http-nio-8083-exec-10] WARN  c.f.s.service.StartupService - [,] - Founder profile not found for userId=7
 101041 --- [startup-service] [io-8083-exec-10] c.f.s.service.StartupService             : Founder profile not found for userId=7
2026-03-27T20:16:46.544+05:30 2026-03-27 20:16:46 [http-nio-8083-exec-2] WARN  c.f.s.service.StartupService - [,] - Founder profile not found for userId=7
 101041 --- [startup-service] [nio-8083-exec-2] c.f.s.service.StartupService             : Founder profile not found for userId=7
2026-03-27T20:16:46.605+05:30 2026-03-27 20:16:46 [http-nio-8083-exec-3] WARN  c.f.s.service.StartupService - [,] - Founder profile not found for userId=7
 101041 --- [startup-service] [nio-8083-exec-3] c.f.s.service.StartupService             : Founder profile not found for userId=7
2026-03-27T20:20:30.310+05:30 2026-03-27 20:20:30 [AsyncResolver-bootstrap-executor-%d] INFO  c.n.d.s.r.aws.ConfigClusterResolver - [,] - Resolving eureka endpoints via configuration
 101041 --- [startup-service] [rap-executor-%d] c.n.d.s.r.aws.ConfigClusterResolver      : Resolving eureka endpoints via configuration
2026-03-27T20:25:30.311+05:30 2026-03-27 20:25:30 [AsyncResolver-bootstrap-executor-%d] INFO  c.n.d.s.r.aws.ConfigClusterResolver - [,] - Resolving eureka endpoints via configuration
 101041 --- [startup-service] [rap-executor-%d] c.n.d.s.r.aws.ConfigClusterResolver      : Resolving eureka endpoints via configuration
2026-03-27T20:30:30.312+05:30 2026-03-27 20:30:30 [AsyncResolver-bootstrap-executor-%d] INFO  c.n.d.s.r.aws.ConfigClusterResolver - [,] - Resolving eureka endpoints via configuration
 101041 --- [startup-service] [rap-executor-%d] c.n.d.s.r.aws.ConfigClusterResolver      : Resolving eureka endpoints via configuration
2026-03-27T20:35:30.313+05:30 2026-03-27 20:35:30 [AsyncResolver-bootstrap-executor-%d] INFO  c.n.d.s.r.aws.ConfigClusterResolver - [,] - Resolving eureka endpoints via configuration
 101041 --- [startup-service] [rap-executor-%d] c.n.d.s.r.aws.ConfigClusterResolver      : Resolving eureka endpoints via configuration
2026-03-27T20:40:30.314+05:30 2026-03-27 20:40:30 [AsyncResolver-bootstrap-executor-%d] INFO  c.n.d.s.r.aws.ConfigClusterResolver - [,] - Resolving eureka endpoints via configuration
 101041 --- [startup-service] [rap-executor-%d] c.n.d.s.r.aws.ConfigClusterResolver      : Resolving eureka endpoints via configuration
2026-03-27T20:45:30.315+05:30 2026-03-27 20:45:30 [AsyncResolver-bootstrap-executor-%d] INFO  c.n.d.s.r.aws.ConfigClusterResolver - [,] - Resolving eureka endpoints via configuration
 101041 --- [startup-service] [rap-executor-%d] c.n.d.s.r.aws.ConfigClusterResolver      : Resolving eureka endpoints via configuration
2026-03-27T20:47:46.178+05:30 2026-03-27 20:47:46 [http-nio-8083-exec-1] WARN  c.f.s.service.StartupService - [,] - Founder profile not found for userId=7
 101041 --- [startup-service] [nio-8083-exec-1] c.f.s.service.StartupService             : Founder profile not found for userId=7
2026-03-27T20:47:46.252+05:30 2026-03-27 20:47:46 [http-nio-8083-exec-7] WARN  c.f.s.service.StartupService - [,] - Founder profile not found for userId=7
 101041 --- [startup-service] [nio-8083-exec-7] c.f.s.service.StartupService             : Founder profile not found for userId=7
2026-03-27T20:49:03.476+05:30 2026-03-27 20:49:03 [http-nio-8083-exec-2] WARN  c.f.s.service.StartupService - [,] - Founder profile not found for userId=7
 101041 --- [startup-service] [nio-8083-exec-2] c.f.s.service.StartupService             : Founder profile not found for userId=7
2026-03-27T20:49:11.666+05:30 2026-03-27 20:49:11 [http-nio-8083-exec-3] WARN  c.f.s.service.StartupService - [,] - Founder profile not found for userId=7
 101041 --- [startup-service] [nio-8083-exec-3] c.f.s.service.StartupService             : Founder profile not found for userId=7
2026-03-27T20:50:16.290+05:30 2026-03-27 20:50:16 [http-nio-8083-exec-6] WARN  c.f.s.service.StartupService - [,] - Founder profile not found for userId=7
 101041 --- [startup-service] [nio-8083-exec-6] c.f.s.service.StartupService             : Founder profile not found for userId=7
2026-03-27T20:50:16.360+05:30 2026-03-27 20:50:16 [http-nio-8083-exec-1] WARN  c.f.s.service.StartupService - [,] - Founder profile not found for userId=7
 101041 --- [startup-service] [nio-8083-exec-1] c.f.s.service.StartupService             : Founder profile not found for userId=7
2026-03-27T20:50:30.316+05:30 2026-03-27 20:50:30 [AsyncResolver-bootstrap-executor-%d] INFO  c.n.d.s.r.aws.ConfigClusterResolver - [,] - Resolving eureka endpoints via configuration
 101041 --- [startup-service] [rap-executor-%d] c.n.d.s.r.aws.ConfigClusterResolver      : Resolving eureka endpoints via configuration
2026-03-27T20:55:30.316+05:30 2026-03-27 20:55:30 [AsyncResolver-bootstrap-executor-%d] INFO  c.n.d.s.r.aws.ConfigClusterResolver - [,] - Resolving eureka endpoints via configuration
 101041 --- [startup-service] [rap-executor-%d] c.n.d.s.r.aws.ConfigClusterResolver      : Resolving eureka endpoints via configuration
2026-03-27T21:00:30.317+05:30 2026-03-27 21:00:30 [AsyncResolver-bootstrap-executor-%d] INFO  c.n.d.s.r.aws.ConfigClusterResolver - [,] - Resolving eureka endpoints via configuration
 101041 --- [startup-service] [rap-executor-%d] c.n.d.s.r.aws.ConfigClusterResolver      : Resolving eureka endpoints via configuration
