[[1;34mINFO[m] Scanning for projects...
[[1;34mINFO[m] 
[[1;34mINFO[m] [1m--------------------< [0;36mcom.founderlink:team-service[0;1m >--------------------[m
[[1;34mINFO[m] [1mBuilding team-service 0.0.1-SNAPSHOT[m
[[1;34mINFO[m] [1m--------------------------------[ jar ]---------------------------------[m
[[1;34mINFO[m] 
[[1;34mINFO[m] [1m>>> [0;32mspring-boot-maven-plugin:4.0.4:run[m [1m(default-cli)[0;1m > [0;1mtest-compile[m @ [36mteam-service[0;1m >>>[m
[[1;34mINFO[m] 
[[1;34mINFO[m] [1m--- [0;32mmaven-resources-plugin:3.3.1:resources[m [1m(default-resources)[m @ [36mteam-service[0;1m ---[m
[[1;34mINFO[m] Copying 1 resource from src/main/resources to target/classes
[[1;34mINFO[m] Copying 0 resource from src/main/resources to target/classes
[[1;34mINFO[m] 
[[1;34mINFO[m] [1m--- [0;32mmaven-compiler-plugin:3.14.1:compile[m [1m(default-compile)[m @ [36mteam-service[0;1m ---[m
[[1;34mINFO[m] Nothing to compile - all classes are up to date.
[[1;34mINFO[m] 
[[1;34mINFO[m] [1m--- [0;32mmaven-resources-plugin:3.3.1:testResources[m [1m(default-testResources)[m @ [36mteam-service[0;1m ---[m
[[1;34mINFO[m] Copying 1 resource from src/test/resources to target/test-classes
[[1;34mINFO[m] 
[[1;34mINFO[m] [1m--- [0;32mmaven-compiler-plugin:3.14.1:testCompile[m [1m(default-testCompile)[m @ [36mteam-service[0;1m ---[m
[[1;34mINFO[m] Nothing to compile - all classes are up to date.
[[1;34mINFO[m] 
[[1;34mINFO[m] [1m<<< [0;32mspring-boot-maven-plugin:4.0.4:run[m [1m(default-cli)[0;1m < [0;1mtest-compile[m @ [36mteam-service[0;1m <<<[m
[[1;34mINFO[m] 
[[1;34mINFO[m] 
[[1;34mINFO[m] [1m--- [0;32mspring-boot-maven-plugin:4.0.4:run[m [1m(default-cli)[m @ [36mteam-service[0;1m ---[m
[[1;34mINFO[m] Attaching agents: []

  .   ____          _            __ _ _
 /\\ / ___'_ __ _ _(_)_ __  __ _ \ \ \ \
( ( )\___ | '_ | '_| | '_ \/ _` | \ \ \ \
 \\/  ___)| |_)| | | | | || (_| |  ) ) ) )
  '  |____| .__|_| |_|_| |_\__, | / / / /
 =========|_|==============|___/=/_/_/_/

 :: Spring Boot ::                (v4.0.4)

2026-03-27T19:43:38.199+05:30 2026-03-27 19:43:38 [main] INFO  c.f.t.TeamServiceApplication - [,] - Starting TeamServiceApplication using Java 17.0.18 with PID 118588 (/home/dheeraj/Desktop/FounderLink/team-service/target/classes started by dheeraj in /home/dheeraj/Desktop/FounderLink/team-service)
 118588 --- [team-service] [           main] c.f.teamservice.TeamServiceApplication   : Starting TeamServiceApplication using Java 17.0.18 with PID 118588 (/home/dheeraj/Desktop/FounderLink/team-service/target/classes started by dheeraj in /home/dheeraj/Desktop/FounderLink/team-service)
2026-03-27T19:43:38.205+05:30 2026-03-27 19:43:38 [main] INFO  c.f.t.TeamServiceApplication - [,] - No active profile set, falling back to 1 default profile: "default"
 118588 --- [team-service] [           main] c.f.teamservice.TeamServiceApplication   : No active profile set, falling back to 1 default profile: "default"
2026-03-27T19:43:38.271+05:30 2026-03-27 19:43:38 [main] INFO  o.s.c.c.c.ConfigServerConfigDataLoader - [,] - Fetching config from server at : http://localhost:8888
 118588 --- [team-service] [           main] o.s.c.c.c.ConfigServerConfigDataLoader   : Fetching config from server at : http://localhost:8888
2026-03-27T19:43:38.271+05:30 2026-03-27 19:43:38 [main] INFO  o.s.c.c.c.ConfigServerConfigDataLoader - [,] - Located environment: name=team-service, profiles=[default], label=null, version=835001bc6f893fa38ae85cb8ab179c88ae62cf9b, state=
 118588 --- [team-service] [           main] o.s.c.c.c.ConfigServerConfigDataLoader   : Located environment: name=team-service, profiles=[default], label=null, version=835001bc6f893fa38ae85cb8ab179c88ae62cf9b, state=
2026-03-27T19:43:39.716+05:30 2026-03-27 19:43:39 [main] INFO  o.s.d.r.c.RepositoryConfigurationDelegate - [,] - Bootstrapping Spring Data JPA repositories in DEFAULT mode.
 118588 --- [team-service] [           main] .s.d.r.c.RepositoryConfigurationDelegate : Bootstrapping Spring Data JPA repositories in DEFAULT mode.
2026-03-27T19:43:39.850+05:30 2026-03-27 19:43:39 [main] INFO  o.s.d.r.c.RepositoryConfigurationDelegate - [,] - Finished Spring Data repository scanning in 124 ms. Found 1 JPA repository interface.
 118588 --- [team-service] [           main] .s.d.r.c.RepositoryConfigurationDelegate : Finished Spring Data repository scanning in 124 ms. Found 1 JPA repository interface.
2026-03-27T19:43:40.425+05:30 2026-03-27 19:43:40 [main] INFO  o.s.cloud.context.scope.GenericScope - [,] - BeanFactory id=b46339ce-ea8f-3bb8-b30c-a4ee126c754d
 118588 --- [team-service] [           main] o.s.cloud.context.scope.GenericScope     : BeanFactory id=b46339ce-ea8f-3bb8-b30c-a4ee126c754d
2026-03-27T19:43:41.236+05:30 2026-03-27 19:43:41 [main] INFO  o.s.boot.tomcat.TomcatWebServer - [,] - Tomcat initialized with port 8085 (http)
 118588 --- [team-service] [           main] o.s.boot.tomcat.TomcatWebServer          : Tomcat initialized with port 8085 (http)
2026-03-27T19:43:41.251+05:30 2026-03-27 19:43:41 [main] INFO  o.a.catalina.core.StandardService - [,] - Starting service [Tomcat]
 118588 --- [team-service] [           main] o.apache.catalina.core.StandardService   : Starting service [Tomcat]
2026-03-27T19:43:41.252+05:30 2026-03-27 19:43:41 [main] INFO  o.a.catalina.core.StandardEngine - [,] - Starting Servlet engine: [Apache Tomcat/11.0.18]
 118588 --- [team-service] [           main] o.apache.catalina.core.StandardEngine    : Starting Servlet engine: [Apache Tomcat/11.0.18]
2026-03-27T19:43:41.316+05:30 2026-03-27 19:43:41 [main] INFO  o.s.b.w.c.s.WebApplicationContextInitializer - [,] - Root WebApplicationContext: initialization completed in 3040 ms
 118588 --- [team-service] [           main] b.w.c.s.WebApplicationContextInitializer : Root WebApplicationContext: initialization completed in 3040 ms
2026-03-27T19:43:41.915+05:30 2026-03-27 19:43:41 [main] INFO  org.hibernate.orm.jpa - [,] - HHH008540: Processing PersistenceUnitInfo [name: default]
 118588 --- [team-service] [           main] org.hibernate.orm.jpa                    : HHH008540: Processing PersistenceUnitInfo [name: default]
2026-03-27T19:43:41.965+05:30 2026-03-27 19:43:41 [main] INFO  org.hibernate.orm.core - [,] - HHH000001: Hibernate ORM core version 7.2.7.Final
 118588 --- [team-service] [           main] org.hibernate.orm.core                   : HHH000001: Hibernate ORM core version 7.2.7.Final
2026-03-27T19:43:42.381+05:30 2026-03-27 19:43:42 [main] INFO  o.s.o.j.p.SpringPersistenceUnitInfo - [,] - No LoadTimeWeaver setup: ignoring JPA class transformer
 118588 --- [team-service] [           main] o.s.o.j.p.SpringPersistenceUnitInfo      : No LoadTimeWeaver setup: ignoring JPA class transformer
2026-03-27T19:43:42.419+05:30 2026-03-27 19:43:42 [main] INFO  com.zaxxer.hikari.HikariDataSource - [,] - HikariPool-1 - Starting...
 118588 --- [team-service] [           main] com.zaxxer.hikari.HikariDataSource       : HikariPool-1 - Starting...
2026-03-27T19:43:42.586+05:30 2026-03-27 19:43:42 [main] INFO  com.zaxxer.hikari.pool.HikariPool - [,] - HikariPool-1 - Added connection org.postgresql.jdbc.PgConnection@6eacf3be
 118588 --- [team-service] [           main] com.zaxxer.hikari.pool.HikariPool        : HikariPool-1 - Added connection org.postgresql.jdbc.PgConnection@6eacf3be
2026-03-27T19:43:42.588+05:30 2026-03-27 19:43:42 [main] INFO  com.zaxxer.hikari.HikariDataSource - [,] - HikariPool-1 - Start completed.
 118588 --- [team-service] [           main] com.zaxxer.hikari.HikariDataSource       : HikariPool-1 - Start completed.
2026-03-27T19:43:42.661+05:30 2026-03-27 19:43:42 [main] INFO  o.hibernate.orm.connections.pooling - [,] - HHH10001005: Database info:
	Database JDBC URL [jdbc:postgresql://localhost:5433/teams_db]
	Database driver: PostgreSQL JDBC Driver
	Database dialect: PostgreSQLDialect
	Database version: 15.17
	Default catalog/schema: teams_db/public
	Autocommit mode: undefined/unknown
	Isolation level: READ_COMMITTED [default READ_COMMITTED]
	JDBC fetch size: none
	Pool: DataSourceConnectionProvider
	Minimum pool size: undefined/unknown
	Maximum pool size: undefined/unknown
 118588 --- [team-service] [           main] org.hibernate.orm.connections.pooling    : HHH10001005: Database info:
	Database JDBC URL [jdbc:postgresql://localhost:5433/teams_db]
	Database driver: PostgreSQL JDBC Driver
	Database dialect: PostgreSQLDialect
	Database version: 15.17
	Default catalog/schema: teams_db/public
	Autocommit mode: undefined/unknown
	Isolation level: READ_COMMITTED [default READ_COMMITTED]
	JDBC fetch size: none
	Pool: DataSourceConnectionProvider
	Minimum pool size: undefined/unknown
	Maximum pool size: undefined/unknown
2026-03-27T19:43:43.537+05:30 2026-03-27 19:43:43 [main] INFO  org.hibernate.orm.core - [,] - HHH000489: No JTA platform available (set 'hibernate.transaction.jta.platform' to enable JTA platform integration)
 118588 --- [team-service] [           main] org.hibernate.orm.core                   : HHH000489: No JTA platform available (set 'hibernate.transaction.jta.platform' to enable JTA platform integration)
2026-03-27T19:43:43.601+05:30 2026-03-27 19:43:43 [main] INFO  o.s.o.j.LocalContainerEntityManagerFactoryBean - [,] - Initialized JPA EntityManagerFactory for persistence unit 'default'
 118588 --- [team-service] [           main] j.LocalContainerEntityManagerFactoryBean : Initialized JPA EntityManagerFactory for persistence unit 'default'
2026-03-27T19:43:43.798+05:30 2026-03-27 19:43:43 [main] INFO  o.s.d.j.r.q.QueryEnhancerFactories - [,] - Hibernate is in classpath; If applicable, HQL parser will be used.
 118588 --- [team-service] [           main] o.s.d.j.r.query.QueryEnhancerFactories   : Hibernate is in classpath; If applicable, HQL parser will be used.
2026-03-27T19:43:44.231+05:30 2026-03-27 19:43:44 [main] WARN  o.s.b.j.a.JpaBaseConfiguration$JpaWebConfiguration - [,] - spring.jpa.open-in-view is enabled by default. Therefore, database queries may be performed during view rendering. Explicitly configure spring.jpa.open-in-view to disable this warning
 118588 --- [team-service] [           main] JpaBaseConfiguration$JpaWebConfiguration : spring.jpa.open-in-view is enabled by default. Therefore, database queries may be performed during view rendering. Explicitly configure spring.jpa.open-in-view to disable this warning
2026-03-27T19:43:44.402+05:30 2026-03-27 19:43:44 [main] INFO  o.s.c.o.FeignClientFactoryBean - [,] - For 'startup-service' URL not provided. Will try picking an instance via load-balancing.
 118588 --- [team-service] [           main] o.s.c.openfeign.FeignClientFactoryBean   : For 'startup-service' URL not provided. Will try picking an instance via load-balancing.
2026-03-27T19:43:45.136+05:30 2026-03-27 19:43:45 [main] WARN  o.s.b.s.a.UserDetailsServiceAutoConfiguration - [,] - 

Using generated security password: 1bf9e934-08e3-473a-a68e-b7ec1ce62cf6

This generated password is for development use only. Your security configuration must be updated before running your application in production.

 118588 --- [team-service] [           main] .s.a.UserDetailsServiceAutoConfiguration : 

Using generated security password: 1bf9e934-08e3-473a-a68e-b7ec1ce62cf6

This generated password is for development use only. Your security configuration must be updated before running your application in production.

2026-03-27T19:43:45.150+05:30 2026-03-27 19:43:45 [main] INFO  o.s.s.c.a.a.c.InitializeUserDetailsBeanManagerConfigurer$InitializeUserDetailsManagerConfigurer - [,] - Global AuthenticationManager configured with UserDetailsService bean with name inMemoryUserDetailsManager
 118588 --- [team-service] [           main] r$InitializeUserDetailsManagerConfigurer : Global AuthenticationManager configured with UserDetailsService bean with name inMemoryUserDetailsManager
2026-03-27T19:43:47.157+05:30 2026-03-27 19:43:47 [main] INFO  o.s.c.n.e.c.DiscoveryClientOptionalArgsConfiguration - [,] - Eureka HTTP Client uses RestClient.
 118588 --- [team-service] [           main] DiscoveryClientOptionalArgsConfiguration : Eureka HTTP Client uses RestClient.
2026-03-27T19:43:47.259+05:30 2026-03-27 19:43:47 [main] WARN  o.s.c.l.c.LoadBalancerCacheAutoConfiguration$LoadBalancerCaffeineWarnLogger - [,] - Spring Cloud LoadBalancer is currently working with the default cache. While this cache implementation is useful for development and tests, it's recommended to use Caffeine cache in production.You can switch to using Caffeine cache, by adding it and org.springframework.cache.caffeine.CaffeineCacheManager to the classpath.
 118588 --- [team-service] [           main] iguration$LoadBalancerCaffeineWarnLogger : Spring Cloud LoadBalancer is currently working with the default cache. While this cache implementation is useful for development and tests, it's recommended to use Caffeine cache in production.You can switch to using Caffeine cache, by adding it and org.springframework.cache.caffeine.CaffeineCacheManager to the classpath.
2026-03-27T19:43:47.283+05:30 2026-03-27 19:43:47 [main] INFO  o.s.b.a.e.web.EndpointLinksResolver - [,] - Exposing 1 endpoint beneath base path '/actuator'
 118588 --- [team-service] [           main] o.s.b.a.e.web.EndpointLinksResolver      : Exposing 1 endpoint beneath base path '/actuator'
2026-03-27T19:43:47.373+05:30 2026-03-27 19:43:47 [main] INFO  o.s.c.n.eureka.InstanceInfoFactory - [,] - Setting initial instance status as: STARTING
 118588 --- [team-service] [           main] o.s.c.n.eureka.InstanceInfoFactory       : Setting initial instance status as: STARTING
2026-03-27T19:43:47.399+05:30 2026-03-27 19:43:47 [main] INFO  c.netflix.discovery.DiscoveryClient - [,] - Initializing Eureka in region us-east-1
 118588 --- [team-service] [           main] com.netflix.discovery.DiscoveryClient    : Initializing Eureka in region us-east-1
2026-03-27T19:43:47.404+05:30 2026-03-27 19:43:47 [main] INFO  c.n.d.s.r.aws.ConfigClusterResolver - [,] - Resolving eureka endpoints via configuration
 118588 --- [team-service] [           main] c.n.d.s.r.aws.ConfigClusterResolver      : Resolving eureka endpoints via configuration
2026-03-27T19:43:47.413+05:30 2026-03-27 19:43:47 [main] INFO  c.netflix.discovery.DiscoveryClient - [,] - Disable delta property : false
 118588 --- [team-service] [           main] com.netflix.discovery.DiscoveryClient    : Disable delta property : false
2026-03-27T19:43:47.413+05:30 2026-03-27 19:43:47 [main] INFO  c.netflix.discovery.DiscoveryClient - [,] - Single vip registry refresh property : null
 118588 --- [team-service] [           main] com.netflix.discovery.DiscoveryClient    : Single vip registry refresh property : null
2026-03-27T19:43:47.413+05:30 2026-03-27 19:43:47 [main] INFO  c.netflix.discovery.DiscoveryClient - [,] - Force full registry fetch : false
 118588 --- [team-service] [           main] com.netflix.discovery.DiscoveryClient    : Force full registry fetch : false
2026-03-27T19:43:47.413+05:30 2026-03-27 19:43:47 [main] INFO  c.netflix.discovery.DiscoveryClient - [,] - Application is null : false
 118588 --- [team-service] [           main] com.netflix.discovery.DiscoveryClient    : Application is null : false
2026-03-27T19:43:47.413+05:30 2026-03-27 19:43:47 [main] INFO  c.netflix.discovery.DiscoveryClient - [,] - Registered Applications size is zero : true
 118588 --- [team-service] [           main] com.netflix.discovery.DiscoveryClient    : Registered Applications size is zero : true
2026-03-27T19:43:47.413+05:30 2026-03-27 19:43:47 [main] INFO  c.netflix.discovery.DiscoveryClient - [,] - Application version is -1: true
 118588 --- [team-service] [           main] com.netflix.discovery.DiscoveryClient    : Application version is -1: true
2026-03-27T19:43:47.413+05:30 2026-03-27 19:43:47 [main] INFO  c.netflix.discovery.DiscoveryClient - [,] - Getting all instance registry info from the eureka server
 118588 --- [team-service] [           main] com.netflix.discovery.DiscoveryClient    : Getting all instance registry info from the eureka server
2026-03-27T19:43:47.757+05:30 2026-03-27 19:43:47 [main] INFO  c.netflix.discovery.DiscoveryClient - [,] - The response status is 200
 118588 --- [team-service] [           main] com.netflix.discovery.DiscoveryClient    : The response status is 200
2026-03-27T19:43:47.760+05:30 2026-03-27 19:43:47 [main] INFO  c.netflix.discovery.DiscoveryClient - [,] - Starting heartbeat executor: renew interval is: 30
 118588 --- [team-service] [           main] com.netflix.discovery.DiscoveryClient    : Starting heartbeat executor: renew interval is: 30
2026-03-27T19:43:47.762+05:30 2026-03-27 19:43:47 [main] INFO  c.n.discovery.InstanceInfoReplicator - [,] - InstanceInfoReplicator onDemand update allowed rate per min is 4
 118588 --- [team-service] [           main] c.n.discovery.InstanceInfoReplicator     : InstanceInfoReplicator onDemand update allowed rate per min is 4
2026-03-27T19:43:47.763+05:30 2026-03-27 19:43:47 [main] INFO  c.netflix.discovery.DiscoveryClient - [,] - Discovery Client initialized at timestamp 1774620827763 with initial instances count: 9
 118588 --- [team-service] [           main] com.netflix.discovery.DiscoveryClient    : Discovery Client initialized at timestamp 1774620827763 with initial instances count: 9
2026-03-27T19:43:47.780+05:30 2026-03-27 19:43:47 [main] INFO  o.s.c.n.e.s.EurekaServiceRegistry - [,] - Registering application TEAM-SERVICE with eureka with status UP
 118588 --- [team-service] [           main] o.s.c.n.e.s.EurekaServiceRegistry        : Registering application TEAM-SERVICE with eureka with status UP
2026-03-27T19:43:47.780+05:30 2026-03-27 19:43:47 [main] INFO  c.netflix.discovery.DiscoveryClient - [,] - Saw local status change event StatusChangeEvent [timestamp=1774620827780, current=UP, previous=STARTING]
 118588 --- [team-service] [           main] com.netflix.discovery.DiscoveryClient    : Saw local status change event StatusChangeEvent [timestamp=1774620827780, current=UP, previous=STARTING]
2026-03-27T19:43:47.783+05:30 2026-03-27 19:43:47 [DiscoveryClient-InstanceInfoReplicator-%d] INFO  c.netflix.discovery.DiscoveryClient - [,] - DiscoveryClient_TEAM-SERVICE/192.168.249.133:team-service:8085: registering service...
 118588 --- [team-service] [foReplicator-%d] com.netflix.discovery.DiscoveryClient    : DiscoveryClient_TEAM-SERVICE/192.168.249.133:team-service:8085: registering service...
2026-03-27T19:43:47.799+05:30 2026-03-27 19:43:47 [main] INFO  o.s.boot.tomcat.TomcatWebServer - [,] - Tomcat started on port 8085 (http) with context path '/'
 118588 --- [team-service] [           main] o.s.boot.tomcat.TomcatWebServer          : Tomcat started on port 8085 (http) with context path '/'
2026-03-27T19:43:47.801+05:30 2026-03-27 19:43:47 [main] INFO  o.s.c.n.e.s.EurekaAutoServiceRegistration - [,] - Updating port to 8085
 118588 --- [team-service] [           main] .s.c.n.e.s.EurekaAutoServiceRegistration : Updating port to 8085
2026-03-27T19:43:47.827+05:30 2026-03-27 19:43:47 [main] INFO  c.f.t.TeamServiceApplication - [,] - Started TeamServiceApplication in 10.956 seconds (process running for 11.662)
 118588 --- [team-service] [           main] c.f.teamservice.TeamServiceApplication   : Started TeamServiceApplication in 10.956 seconds (process running for 11.662)
2026-03-27T19:43:47.849+05:30 2026-03-27 19:43:47 [DiscoveryClient-InstanceInfoReplicator-%d] INFO  c.netflix.discovery.DiscoveryClient - [,] - DiscoveryClient_TEAM-SERVICE/192.168.249.133:team-service:8085 - registration status: 204
 118588 --- [team-service] [foReplicator-%d] com.netflix.discovery.DiscoveryClient    : DiscoveryClient_TEAM-SERVICE/192.168.249.133:team-service:8085 - registration status: 204
2026-03-27T19:43:47.878+05:30 2026-03-27 19:43:47 [main] WARN  o.s.c.events.SpringDocAppInitializer - [,] - SpringDoc /teams/v3/api-docs endpoint is enabled by default. To disable it in production, set the property 'springdoc.api-docs.enabled=false'
 118588 --- [team-service] [           main] o.s.core.events.SpringDocAppInitializer  : SpringDoc /teams/v3/api-docs endpoint is enabled by default. To disable it in production, set the property 'springdoc.api-docs.enabled=false'
2026-03-27T19:43:47.879+05:30 2026-03-27 19:43:47 [main] WARN  o.s.c.events.SpringDocAppInitializer - [,] - SpringDoc /swagger-ui.html endpoint is enabled by default. To disable it in production, set the property 'springdoc.swagger-ui.enabled=false'
 118588 --- [team-service] [           main] o.s.core.events.SpringDocAppInitializer  : SpringDoc /swagger-ui.html endpoint is enabled by default. To disable it in production, set the property 'springdoc.swagger-ui.enabled=false'
2026-03-27T19:43:56.822+05:30 2026-03-27 19:43:56 [http-nio-8085-exec-1] INFO  o.a.c.c.C.[Tomcat].[localhost].[/] - [,] - Initializing Spring DispatcherServlet 'dispatcherServlet'
 118588 --- [team-service] [nio-8085-exec-1] o.a.c.c.C.[Tomcat].[localhost].[/]       : Initializing Spring DispatcherServlet 'dispatcherServlet'
2026-03-27T19:43:56.822+05:30 2026-03-27 19:43:56 [http-nio-8085-exec-1] INFO  o.s.web.servlet.DispatcherServlet - [,] - Initializing Servlet 'dispatcherServlet'
 118588 --- [team-service] [nio-8085-exec-1] o.s.web.servlet.DispatcherServlet        : Initializing Servlet 'dispatcherServlet'
2026-03-27T19:43:56.826+05:30 2026-03-27 19:43:56 [http-nio-8085-exec-1] INFO  o.s.web.servlet.DispatcherServlet - [,] - Completed initialization in 4 ms
 118588 --- [team-service] [nio-8085-exec-1] o.s.web.servlet.DispatcherServlet        : Completed initialization in 4 ms
2026-03-27T19:43:56.970+05:30 2026-03-27 19:43:56 [http-nio-8085-exec-1] INFO  c.f.teamservice.service.TeamService - [,] - Invite request startupId=a4ace75e-3c1b-46a7-8a6e-b329e451f097, invitedUserId=6, role=CTO, requesterId=1
 118588 --- [team-service] [nio-8085-exec-1] c.f.teamservice.service.TeamService      : Invite request startupId=a4ace75e-3c1b-46a7-8a6e-b329e451f097, invitedUserId=6, role=CTO, requesterId=1
2026-03-27T19:43:57.150+05:30 2026-03-27 19:43:57 [http-nio-8085-exec-1] INFO  c.f.teamservice.service.TeamService - [,] - startup-service returned startupId=a4ace75e-3c1b-46a7-8a6e-b329e451f097 founderId=1
 118588 --- [team-service] [nio-8085-exec-1] c.f.teamservice.service.TeamService      : startup-service returned startupId=a4ace75e-3c1b-46a7-8a6e-b329e451f097 founderId=1
2026-03-27T19:46:45.716+05:30 2026-03-27 19:46:45 [http-nio-8085-exec-2] INFO  c.f.teamservice.service.TeamService - [,] - Invite request startupId=a4ace75e-3c1b-46a7-8a6e-b329e451f097, invitedUserId=5, role=CTO, requesterId=1
 118588 --- [team-service] [nio-8085-exec-2] c.f.teamservice.service.TeamService      : Invite request startupId=a4ace75e-3c1b-46a7-8a6e-b329e451f097, invitedUserId=5, role=CTO, requesterId=1
2026-03-27T19:46:45.748+05:30 2026-03-27 19:46:45 [http-nio-8085-exec-2] INFO  c.f.teamservice.service.TeamService - [,] - startup-service returned startupId=a4ace75e-3c1b-46a7-8a6e-b329e451f097 founderId=1
 118588 --- [team-service] [nio-8085-exec-2] c.f.teamservice.service.TeamService      : startup-service returned startupId=a4ace75e-3c1b-46a7-8a6e-b329e451f097 founderId=1
2026-03-27T19:46:45.775+05:30 2026-03-27 19:46:45 [http-nio-8085-exec-2] INFO  o.s.a.r.c.CachingConnectionFactory - [,] - Attempting to connect to: [localhost:5672]
 118588 --- [team-service] [nio-8085-exec-2] o.s.a.r.c.CachingConnectionFactory       : Attempting to connect to: [localhost:5672]
2026-03-27T19:46:45.822+05:30 2026-03-27 19:46:45 [http-nio-8085-exec-2] INFO  o.s.a.r.c.CachingConnectionFactory - [,] - Created new connection: rabbitConnectionFactory#16f453c9:0/SimpleConnection@63c7bbd9 [delegate=amqp://guest@127.0.0.1:5672/, localPort=44994]
 118588 --- [team-service] [nio-8085-exec-2] o.s.a.r.c.CachingConnectionFactory       : Created new connection: rabbitConnectionFactory#16f453c9:0/SimpleConnection@63c7bbd9 [delegate=amqp://guest@127.0.0.1:5672/, localPort=44994]
2026-03-27T19:48:47.416+05:30 2026-03-27 19:48:47 [AsyncResolver-bootstrap-executor-%d] INFO  c.n.d.s.r.aws.ConfigClusterResolver - [,] - Resolving eureka endpoints via configuration
 118588 --- [team-service] [rap-executor-%d] c.n.d.s.r.aws.ConfigClusterResolver      : Resolving eureka endpoints via configuration
2026-03-27T19:53:47.417+05:30 2026-03-27 19:53:47 [AsyncResolver-bootstrap-executor-%d] INFO  c.n.d.s.r.aws.ConfigClusterResolver - [,] - Resolving eureka endpoints via configuration
 118588 --- [team-service] [rap-executor-%d] c.n.d.s.r.aws.ConfigClusterResolver      : Resolving eureka endpoints via configuration
2026-03-27T19:56:20.647+05:30 2026-03-27 19:56:20 [http-nio-8085-exec-5] INFO  o.s.api.AbstractOpenApiResource - [,] - Init duration for springdoc-openapi is: 142 ms
 118588 --- [team-service] [nio-8085-exec-5] o.springdoc.api.AbstractOpenApiResource  : Init duration for springdoc-openapi is: 142 ms
2026-03-27T19:58:47.418+05:30 2026-03-27 19:58:47 [AsyncResolver-bootstrap-executor-%d] INFO  c.n.d.s.r.aws.ConfigClusterResolver - [,] - Resolving eureka endpoints via configuration
 118588 --- [team-service] [rap-executor-%d] c.n.d.s.r.aws.ConfigClusterResolver      : Resolving eureka endpoints via configuration
2026-03-27T20:03:47.419+05:30 2026-03-27 20:03:47 [AsyncResolver-bootstrap-executor-%d] INFO  c.n.d.s.r.aws.ConfigClusterResolver - [,] - Resolving eureka endpoints via configuration
 118588 --- [team-service] [rap-executor-%d] c.n.d.s.r.aws.ConfigClusterResolver      : Resolving eureka endpoints via configuration
2026-03-27T20:08:47.420+05:30 2026-03-27 20:08:47 [AsyncResolver-bootstrap-executor-%d] INFO  c.n.d.s.r.aws.ConfigClusterResolver - [,] - Resolving eureka endpoints via configuration
 118588 --- [team-service] [rap-executor-%d] c.n.d.s.r.aws.ConfigClusterResolver      : Resolving eureka endpoints via configuration
2026-03-27T20:13:47.421+05:30 2026-03-27 20:13:47 [AsyncResolver-bootstrap-executor-%d] INFO  c.n.d.s.r.aws.ConfigClusterResolver - [,] - Resolving eureka endpoints via configuration
 118588 --- [team-service] [rap-executor-%d] c.n.d.s.r.aws.ConfigClusterResolver      : Resolving eureka endpoints via configuration
2026-03-27T20:18:47.423+05:30 2026-03-27 20:18:47 [AsyncResolver-bootstrap-executor-%d] INFO  c.n.d.s.r.aws.ConfigClusterResolver - [,] - Resolving eureka endpoints via configuration
 118588 --- [team-service] [rap-executor-%d] c.n.d.s.r.aws.ConfigClusterResolver      : Resolving eureka endpoints via configuration
2026-03-27T20:23:47.424+05:30 2026-03-27 20:23:47 [AsyncResolver-bootstrap-executor-%d] INFO  c.n.d.s.r.aws.ConfigClusterResolver - [,] - Resolving eureka endpoints via configuration
 118588 --- [team-service] [rap-executor-%d] c.n.d.s.r.aws.ConfigClusterResolver      : Resolving eureka endpoints via configuration
2026-03-27T20:28:47.424+05:30 2026-03-27 20:28:47 [AsyncResolver-bootstrap-executor-%d] INFO  c.n.d.s.r.aws.ConfigClusterResolver - [,] - Resolving eureka endpoints via configuration
 118588 --- [team-service] [rap-executor-%d] c.n.d.s.r.aws.ConfigClusterResolver      : Resolving eureka endpoints via configuration
2026-03-27T20:33:47.425+05:30 2026-03-27 20:33:47 [AsyncResolver-bootstrap-executor-%d] INFO  c.n.d.s.r.aws.ConfigClusterResolver - [,] - Resolving eureka endpoints via configuration
 118588 --- [team-service] [rap-executor-%d] c.n.d.s.r.aws.ConfigClusterResolver      : Resolving eureka endpoints via configuration
2026-03-27T20:38:47.426+05:30 2026-03-27 20:38:47 [AsyncResolver-bootstrap-executor-%d] INFO  c.n.d.s.r.aws.ConfigClusterResolver - [,] - Resolving eureka endpoints via configuration
 118588 --- [team-service] [rap-executor-%d] c.n.d.s.r.aws.ConfigClusterResolver      : Resolving eureka endpoints via configuration
2026-03-27T20:43:47.427+05:30 2026-03-27 20:43:47 [AsyncResolver-bootstrap-executor-%d] INFO  c.n.d.s.r.aws.ConfigClusterResolver - [,] - Resolving eureka endpoints via configuration
 118588 --- [team-service] [rap-executor-%d] c.n.d.s.r.aws.ConfigClusterResolver      : Resolving eureka endpoints via configuration
2026-03-27T20:47:10.844+05:30 2026-03-27 20:47:10 [SpringApplicationShutdownHook] INFO  o.s.c.n.e.s.EurekaServiceRegistry - [,] - Unregistering application TEAM-SERVICE with eureka with status DOWN
 118588 --- [team-service] [ionShutdownHook] o.s.c.n.e.s.EurekaServiceRegistry        : Unregistering application TEAM-SERVICE with eureka with status DOWN
2026-03-27T20:47:10.844+05:30 2026-03-27 20:47:10 [SpringApplicationShutdownHook] INFO  c.netflix.discovery.DiscoveryClient - [,] - Saw local status change event StatusChangeEvent [timestamp=1774624630844, current=DOWN, previous=UP]
 118588 --- [team-service] [ionShutdownHook] com.netflix.discovery.DiscoveryClient    : Saw local status change event StatusChangeEvent [timestamp=1774624630844, current=DOWN, previous=UP]
2026-03-27T20:47:10.845+05:30 2026-03-27 20:47:10 [DiscoveryClient-InstanceInfoReplicator-%d] INFO  c.netflix.discovery.DiscoveryClient - [,] - DiscoveryClient_TEAM-SERVICE/192.168.249.133:team-service:8085: registering service...
 118588 --- [team-service] [foReplicator-%d] com.netflix.discovery.DiscoveryClient    : DiscoveryClient_TEAM-SERVICE/192.168.249.133:team-service:8085: registering service...
2026-03-27T20:47:10.852+05:30 2026-03-27 20:47:10 [SpringApplicationShutdownHook] INFO  o.s.boot.tomcat.GracefulShutdown - [,] - Commencing graceful shutdown. Waiting for active requests to complete
 118588 --- [team-service] [ionShutdownHook] o.s.boot.tomcat.GracefulShutdown         : Commencing graceful shutdown. Waiting for active requests to complete
2026-03-27T20:47:10.854+05:30 2026-03-27 20:47:10 [tomcat-shutdown] INFO  o.s.boot.tomcat.GracefulShutdown - [,] - Graceful shutdown complete
 118588 --- [team-service] [tomcat-shutdown] o.s.boot.tomcat.GracefulShutdown         : Graceful shutdown complete
2026-03-27T20:47:10.854+05:30 2026-03-27 20:47:10 [DiscoveryClient-InstanceInfoReplicator-%d] INFO  c.netflix.discovery.DiscoveryClient - [,] - DiscoveryClient_TEAM-SERVICE/192.168.249.133:team-service:8085 - registration status: 204
 118588 --- [team-service] [foReplicator-%d] com.netflix.discovery.DiscoveryClient    : DiscoveryClient_TEAM-SERVICE/192.168.249.133:team-service:8085 - registration status: 204
2026-03-27T20:47:10.877+05:30 2026-03-27 20:47:10 [SpringApplicationShutdownHook] INFO  o.s.o.j.LocalContainerEntityManagerFactoryBean - [,] - Closing JPA EntityManagerFactory for persistence unit 'default'
 118588 --- [team-service] [ionShutdownHook] j.LocalContainerEntityManagerFactoryBean : Closing JPA EntityManagerFactory for persistence unit 'default'
2026-03-27T20:47:10.880+05:30 2026-03-27 20:47:10 [SpringApplicationShutdownHook] INFO  com.zaxxer.hikari.HikariDataSource - [,] - HikariPool-1 - Shutdown initiated...
 118588 --- [team-service] [ionShutdownHook] com.zaxxer.hikari.HikariDataSource       : HikariPool-1 - Shutdown initiated...
2026-03-27T20:47:10.881+05:30 2026-03-27 20:47:10 [SpringApplicationShutdownHook] INFO  com.zaxxer.hikari.HikariDataSource - [,] - HikariPool-1 - Shutdown completed.
 118588 --- [team-service] [ionShutdownHook] com.zaxxer.hikari.HikariDataSource       : HikariPool-1 - Shutdown completed.
2026-03-27T20:47:10.883+05:30 2026-03-27 20:47:10 [SpringApplicationShutdownHook] INFO  c.netflix.discovery.DiscoveryClient - [,] - Shutting down DiscoveryClient ...
 118588 --- [team-service] [ionShutdownHook] com.netflix.discovery.DiscoveryClient    : Shutting down DiscoveryClient ...
2026-03-27T20:47:13.884+05:30 2026-03-27 20:47:13 [SpringApplicationShutdownHook] INFO  c.netflix.discovery.DiscoveryClient - [,] - Unregistering ...
 118588 --- [team-service] [ionShutdownHook] com.netflix.discovery.DiscoveryClient    : Unregistering ...
2026-03-27T20:47:13.892+05:30 2026-03-27 20:47:13 [SpringApplicationShutdownHook] INFO  c.netflix.discovery.DiscoveryClient - [,] - DiscoveryClient_TEAM-SERVICE/192.168.249.133:team-service:8085 - deregister  status: 200
 118588 --- [team-service] [ionShutdownHook] com.netflix.discovery.DiscoveryClient    : DiscoveryClient_TEAM-SERVICE/192.168.249.133:team-service:8085 - deregister  status: 200
2026-03-27T20:47:13.892+05:30 2026-03-27 20:47:13 [SpringApplicationShutdownHook] INFO  c.netflix.discovery.DiscoveryClient - [,] - Completed shut down of DiscoveryClient
 118588 --- [team-service] [ionShutdownHook] com.netflix.discovery.DiscoveryClient    : Completed shut down of DiscoveryClient
[[1;34mINFO[m] [1m------------------------------------------------------------------------[m
[[1;34mINFO[m] [1;31mBUILD FAILURE[m
[[1;34mINFO[m] [1m------------------------------------------------------------------------[m
[[1;34mINFO[m] Total time:  01:03 h
[[1;34mINFO[m] Finished at: 2026-03-27T20:47:13+05:30
[[1;34mINFO[m] [1m------------------------------------------------------------------------[m
[[1;31mERROR[m] Failed to execute goal [32morg.springframework.boot:spring-boot-maven-plugin:4.0.4:run[m [1m(default-cli)[m on project [36mteam-service[m: [1;31mProcess terminated with exit code: 143[m -> [1m[Help 1][m
[[1;31mERROR[m] 
[[1;31mERROR[m] To see the full stack trace of the errors, re-run Maven with the [1m-e[m switch.
[[1;31mERROR[m] Re-run Maven using the [1m-X[m switch to enable full debug logging.
[[1;31mERROR[m] 
[[1;31mERROR[m] For more information about the errors and possible solutions, please read the following articles:
[[1;31mERROR[m] [1m[Help 1][m http://cwiki.apache.org/confluence/display/MAVEN/MojoExecutionException
